[
  {
    "parameters": {
      "blocks": [
        {
          "name": "Phase 1",
          "codes": [
            {
              "name": "snflk row",
              "script": [
                "CREATE TABLE \"out_table\" AS SELECT * FROM \"in_table\";"
              ]
            },
            {
              "name": "snflk row 2",
              "script": [
                "CREATE TABLE \"out_table\" AS SELECT * FROM \"in_table\";"
              ]
            }
          ]
        }
      ]
    },
    "storage": {
      "input": {
        "tables": [
          {
            "source": "inputTable1",
            "destination": "inputTable1",
            "columns": [],
            "changed_since": "-10 minutes",
            "where_column": "column",
            "where_values": "values",
            "where_operator": "operator",
            "column_types": []
          },
          {
            "source": "inputTable2",
            "destination": "inputTable2",
            "columns": []
          }
        ]
      },
      "output": {
        "tables": [
          {
            "source": "outputTable1",
            "destination": "outputTable1",
            "columns": [],
            "primary_key": "primary key",
            "delete_where_column": "columns",
            "delete_where_operator": "operator",
            "delete_where_values": "values"
          },
          {
            "source": "outputTable2",
            "destination": "outputTable2",
            "columns": []
          },
          {
            "source": "outputTable3",
            "destination": "outputTable3",
            "columns": []
          }
        ]
      }
    }
  }
]
