[
    {
        "parameters": {
            "blocks": [
                {
                    "name": "Phase 1",
                    "codes": [
                        {
                            "name": "python row",
                            "script": [
                                "print(1)"
                            ]
                        },
                        {
                            "name": "python row 2",
                            "script": [
                                "print(2)"
                            ]
                        }
                    ]
                }
            ]
        },
        "storage": {
            "input": {
                "tables": [],
                "files": [
                    {
                        "tags": [
                            "fileTag1",
                            "fileTag2",
                            "fileTag3",
                            "fileTag4"
                        ]
                    }
                ]
            },
            "output": {
                "tables": []
            }
        }
    }
]
