[
  {
    "parameters": {
      "blocks": [
        {
          "name": "Phase 1",
          "codes": [
            {
              "name": "python row",
              "script": [
                "print(1)"
              ]
            },
            {
              "name": "python row 2",
              "script": [
                "print(2)"
              ]
            }
          ]
        }
      ],
      "packages": [
        "xgboost",
        "secondPackage"
      ]
    },
    "storage": {
      "input": {
        "tables": []
      },
      "output": {
        "tables": []
      }
    }
  }
]
