[
    {
        "description": "test bucket description\n\nwith new line\n\ndescription snflk row 1\n\ndescription snflk row 2",
        "configuration": {
            "parameters": {
                "blocks": [
                    {
                        "name": "Phase 1",
                        "codes": [
                            {
                                "name": "snflk row 1",
                                "script": [
                                    "CREATE TABLE \"out_table\" AS SELECT * FROM \"in_table\";"
                                ]
                            },
                            {
                                "name": "snflk row 2",
                                "script": [
                                    "CREATE TABLE \"out_table\" AS SELECT * FROM \"in_table\";"
                                ]
                            }
                        ]
                    }
                ]
            },
            "storage": {
                "input": {
                    "tables": []
                },
                "output": {
                    "tables": []
                }
            }
        }
    }
]